                      (         6309.asm):00001                 org     $34
                      (         6309.asm):00002         
0034                  (         6309.asm):00003         fred    rmb     1
                      (         6309.asm):00004                 
                      (         6309.asm):00005                 org     $e000
                      (         6309.asm):00006         
E000                  (         6309.asm):00007         Reset
                      (         6309.asm):00008                 ; Test OIM Direct
E000 8642             (         6309.asm):00009                 lda     #$42
E002 9734             (         6309.asm):00010                 sta     <fred
E004 018234           (         6309.asm):00011                 oim     #$82,<fred
E007 D634             (         6309.asm):00012                 ldb     <fred
                      (         6309.asm):00013         
                      (         6309.asm):00014                 ; Test AIM Direct
E009 8642             (         6309.asm):00015                 lda     #$42
E00B 9734             (         6309.asm):00016                 sta     <fred
E00D 028234           (         6309.asm):00017                 aim     #$82,<fred
E010 D634             (         6309.asm):00018                 ldb     <fred
                      (         6309.asm):00019         
                      (         6309.asm):00020                 ; Test EIM Direct
E012 8642             (         6309.asm):00021                 lda     #$42
E014 9734             (         6309.asm):00022                 sta     <fred
E016 058234           (         6309.asm):00023                 eim     #$82,<fred
E019 D634             (         6309.asm):00024                 ldb     <fred
                      (         6309.asm):00025         
                      (         6309.asm):00026                 ;  ADDR
E01B 861B             (         6309.asm):00027                 lda     #27
E01D 118663           (         6309.asm):00028                 lde     #99
E020 11C642           (         6309.asm):00029                 ldf     #$42
E023 10308E           (         6309.asm):00030                 addr    a,e
                      (         6309.asm):00031         
E026 CC1234           (         6309.asm):00032                 ldd     #$1234
E029 1086DEAD         (         6309.asm):00033                 ldw     #$dead
E02D 103060           (         6309.asm):00034                 addr    w,d
                      (         6309.asm):00035         
E030 20FE             (         6309.asm):00036         done    bra     done
                      (         6309.asm):00037         
                      (         6309.asm):00038                 
                      (         6309.asm):00039                 org     $fffe
FFFE E000             (         6309.asm):00040                 fdb     Reset
